// Jest Snapshot v1, https://goo.gl/fbAQLP

exports[`The app layout instance should renders correctly 1`] = `
<form
  autoComplete="off"
  className="makeStyles-container-2"
  noValidate={true}
  onSubmit={[Function]}
>
  <WithStyles(ForwardRef(TextField))
    className="makeStyles-textField-3"
    fullWidth={true}
    id="newTaskInput"
    label="New task"
    margin="normal"
    onChange={[Function]}
    value=""
    variant="outlined"
  />
</form>
`;
